
 ⛅️ wrangler 4.120.0 (update available 4.122.0)
───────────────────────────────────────────────
Using secrets defined in .env.local
Your Worker has access to the following bindings:
Binding                                                Resource                  Mode
env.DATABASE_URL ("(hidden)")                          Environment Variable      local
env.DATABASE_SSL_REJECT_UNAUTHORIZED ("(hidden)")      Environment Variable      local
env.RESEND_API_KEY ("(hidden)")                        Environment Variable      local
env.RESEND_FROM_EMAIL ("(hidden)")                     Environment Variable      local
env.RESEND_REPLY_TO ("(hidden)")                       Environment Variable      local
env.LEAD_EMAIL_TO ("(hidden)")                         Environment Variable      local
env.LEAD_EMAIL_SUBJECT ("(hidden)")                    Environment Variable      local
env.RESEND_ALLOW_INSECURE_LOCAL_TLS ("(hidden)")       Environment Variable      local

[wrangler:warn] Unable to fetch the `Request.cf` object! Falling back to a default placeholder...
Error: self-signed certificate in certificate chain
    at TLSSocket.onConnectSecure (node:internal/tls/wrap:1649:34)
    at TLSSocket.emit (node:events:508:28)
    at TLSSocket.emit (node:domain:489:12)
    at TLSSocket._finishInit (node:internal/tls/wrap:1095:8)
    at ssl.onhandshakedone (node:internal/tls/wrap:881:12)
Wrangler detected this dev session is running in an AI agent.
The Local Explorer API is available at http://127.0.0.1:3002/cdn-cgi/local/explorer/api
Useful routes:
  GET http://127.0.0.1:3002/cdn-cgi/local/explorer/api/local/workers - local Workers and bindings
  GET http://127.0.0.1:3002/cdn-cgi/local/explorer/api/storage/kv/namespaces - KV namespaces
  GET http://127.0.0.1:3002/cdn-cgi/local/explorer/api/d1/database - D1 databases
  GET http://127.0.0.1:3002/cdn-cgi/local/explorer/api/r2/buckets - R2 buckets
  GET http://127.0.0.1:3002/cdn-cgi/local/explorer/api/workers/durable_objects/namespaces - Durable Object namespaces
  GET http://127.0.0.1:3002/cdn-cgi/local/explorer/api/workflows - Workflows
  POST http://127.0.0.1:3002/cdn-cgi/local/explorer/api/local/observability/query - run a read-only SQL query (SELECT/WITH only) over captured request traces and console logs. Tables: spans, logs (read attributes via json(attributes)). Example:
    curl -X POST http://127.0.0.1:3002/cdn-cgi/local/explorer/api/local/observability/query -H 'Content-Type: application/json' -d '{"sql":"SELECT service, name, outcome, duration_ms FROM spans WHERE parent_id IS NULL LIMIT 20"}'
If the routes above don't cover what you need, fetch the full OpenAPI schema (large - use only as a last resort):
  GET http://127.0.0.1:3002/cdn-cgi/local/explorer/api - OpenAPI schema
Attaching additional modules:
┌─────────────────────────────────────┬──────┬────────────┐
│ Name                                │ Type │ Size       │
├─────────────────────────────────────┼──────┼────────────┤
│ ssr/assets/worker-entry-BhhNTXFX.js │ esm  │ 5.14 KiB   │
├─────────────────────────────────────┼──────┼────────────┤
│ ssr/index.js                        │ esm  │ 537.72 KiB │
├─────────────────────────────────────┼──────┼────────────┤
│ ssr/__vite_rsc_assets_manifest.js   │ esm  │ 0.94 KiB   │
├─────────────────────────────────────┼──────┼────────────┤
│ __vite_rsc_assets_manifest.js       │ esm  │ 0.94 KiB   │
├─────────────────────────────────────┼──────┼────────────┤
│ Total (4 modules)                   │      │ 544.74 KiB │
└─────────────────────────────────────┴──────┴────────────┘
⎔ Starting local server...
[wrangler:warn] Unable to fetch the `Request.cf` object! Falling back to a default placeholder...
Error: self-signed certificate in certificate chain
    at TLSSocket.onConnectSecure (node:internal/tls/wrap:1649:34)
    at TLSSocket.emit (node:events:508:28)
    at TLSSocket.emit (node:domain:489:12)
    at TLSSocket._finishInit (node:internal/tls/wrap:1095:8)
    at ssl.onhandshakedone (node:internal/tls/wrap:881:12)
[wrangler:info] ✨ Parsed 1 valid header rule.
[wrangler:info] Ready on http://127.0.0.1:3002
[wrangler:info] POST /api/lead 200 OK (1303ms)
[wrangler:info] POST /get-hotel-prices 200 OK (131ms)
[wrangler:info] HEAD / 200 OK (99ms)
[wrangler:info] GET /get-cities 200 OK (51ms)
[wrangler:info] GET /get-hotels-by-city 200 OK (12ms)
[wrangler:info] GET /get-hotel-price/1/January 200 OK (15ms)
[wrangler:info] GET /hotel-search 200 OK (34ms)
[wrangler:info] GET /api/currencies 200 OK (13ms)
[wrangler:info] HEAD / 200 OK (10ms)
[wrangler:info] POST /get-hotel-prices 200 OK (11ms)
[wrangler:info] POST /api/lead 200 OK (1127ms)
[wrangler:info] GET / 304 Not Modified (17ms)
[wrangler:info] GET /user/assets/vendor/bootstrap/css/bootstrap.min.css 304 Not Modified (7ms)
[wrangler:info] GET /vendor/flatpickr/flatpickr.min.css 304 Not Modified (11ms)
[wrangler:info] GET /user/assets/vendor/slick/css/slick.css 304 Not Modified (20ms)
[wrangler:info] GET /user/assets/vendor/slick/css/slick-theme.css 304 Not Modified (19ms)
[wrangler:info] GET /user/assets/css/style.css 304 Not Modified (18ms)
[wrangler:info] GET /user/assets/vendor/aos/aos.css 304 Not Modified (18ms)
[wrangler:info] GET /vendor/google-fonts/google-fonts.css 304 Not Modified (26ms)
[wrangler:info] GET /vendor/select2/select2.min.css 304 Not Modified (25ms)
[wrangler:info] GET /vendor/fontawesome/css/all.min.css 304 Not Modified (14ms)
[wrangler:info] GET /vendor/fontawesome/css/local-icon-fixes.css 304 Not Modified (18ms)
[wrangler:info] GET /user/assets/css/homepage-gold-theme.css 304 Not Modified (26ms)
[wrangler:info] GET /js/mutation-observer-guard.js 304 Not Modified (31ms)
[wrangler:info] GET /user/assets/images/logo.png 304 Not Modified (27ms)
[wrangler:info] GET /user/assets/vendor/jquery.min.js 304 Not Modified (9ms)
[wrangler:info] GET /user/assets/vendor/bootstrap/js/bootstrap.min.js 304 Not Modified (11ms)
[wrangler:info] GET /vendor/flatpickr/flatpickr.min.js 304 Not Modified (10ms)
[wrangler:info] GET /user/assets/vendor/slick/js/slick.min.js 304 Not Modified (16ms)
[wrangler:info] GET /user/assets/vendor/aos/aos.js 304 Not Modified (22ms)
[wrangler:info] GET /vendor/select2/select2.min.js 304 Not Modified (14ms)
[wrangler:info] GET /user/assets/js/custom.js 304 Not Modified (22ms)
[wrangler:info] GET /js/lead-forms.js 304 Not Modified (24ms)
[wrangler:info] GET /js/currency-switcher.js 304 Not Modified (20ms)
[wrangler:info] GET /js/site-search.js 304 Not Modified (9ms)
[wrangler:info] GET /api/currencies 200 OK (14ms)
[wrangler:info] GET /storage/banners/4SkVYWKvY2RlANzTzq5Rh0jvzu28T6jdZ5ujG9kY.jpg 304 Not Modified (14ms)
[wrangler:info] GET /storage/banners/1N5vZk6PJa0CZfwK1MvMNRbzzlNCJ3qaM5wXFMig.jpg 304 Not Modified (10ms)
[wrangler:info] GET /storage/banners/zDU6MEA4ANapeel8MSyOa2BsYjxmLOsd3zd7CX48.jpg 304 Not Modified (12ms)
[wrangler:info] GET /storage/banners/X2NsD8x7byP3Uw0ckRe7GYx6c6MvfIostCeXnl94.jpg 304 Not Modified (16ms)
[wrangler:info] GET /vendor/google-fonts/font-32.ttf 304 Not Modified (7ms)
[wrangler:info] GET /vendor/google-fonts/font-15.ttf 304 Not Modified (7ms)
[wrangler:info] GET /vendor/google-fonts/font-14.ttf 304 Not Modified (12ms)
[wrangler:info] GET /vendor/google-fonts/font-12.ttf 304 Not Modified (16ms)
[wrangler:info] GET /vendor/google-fonts/font-36.ttf 304 Not Modified (14ms)
[wrangler:info] GET /vendor/google-fonts/font-29.ttf 304 Not Modified (21ms)
[wrangler:info] GET /vendor/google-fonts/font-39.ttf 304 Not Modified (23ms)
[wrangler:info] GET /vendor/google-fonts/font-38.ttf 304 Not Modified (27ms)
[wrangler:info] GET /vendor/google-fonts/font-40.ttf 304 Not Modified (16ms)
[wrangler:info] GET /vendor/google-fonts/font-11.ttf 304 Not Modified (15ms)
[wrangler:info] GET /vendor/google-fonts/font-30.ttf 304 Not Modified (13ms)
[wrangler:info] GET /vendor/google-fonts/font-33.ttf 304 Not Modified (10ms)
[wrangler:info] GET /vendor/google-fonts/font-37.ttf 304 Not Modified (11ms)
[wrangler:info] GET /vendor/google-fonts/font-31.ttf 304 Not Modified (12ms)
[wrangler:info] GET /vendor/google-fonts/font-10.ttf 304 Not Modified (11ms)
[wrangler:info] GET /user/assets/fonts/FelixTitlingMT.woff2 304 Not Modified (15ms)
[wrangler:info] GET /vendor/google-fonts/font-45.ttf 304 Not Modified (9ms)
[wrangler:info] GET /vendor/google-fonts/font-2.ttf 304 Not Modified (11ms)
[wrangler:info] GET /vendor/fontawesome/webfonts/fa-brands-400.woff2 304 Not Modified (8ms)
[wrangler:info] GET /user/assets/vendor/slick/css/ajax-loader.gif 304 Not Modified (9ms)
[wrangler:info] GET /user/assets/images/img-icon02.png 304 Not Modified (16ms)
[wrangler:info] GET /user/assets/images/img-icon01.png 304 Not Modified (13ms)
[wrangler:info] GET /user/assets/images/img-icon03.png 304 Not Modified (12ms)
[wrangler:info] GET /storage/recent-weddings/covers/xBSKQ3gNQAAv7Db39yG2vRWtq0yY0hPKiwHYE28G.jpg 304 Not Modified (11ms)
[wrangler:info] GET /storage/recent-weddings/gallery/cKLLOAszeVHIfoXgE3pwAXLGE0X50XuaZ36bAqcL.jpg 304 Not Modified (9ms)
[wrangler:info] GET /storage/recent-weddings/gallery/qWbyIOHWMEGkCHsfowAL3pXFGynPQagg65Gt12sV.jpg 304 Not Modified (10ms)
[wrangler:info] GET /storage/recent-weddings/gallery/AhOBPuElnkoQ9h8fpnmiGKCmXmQXPBoWsxZfq8FV.jpg 304 Not Modified (12ms)
[wrangler:info] GET /vendor/fontawesome/webfonts/fa-solid-900.woff2 304 Not Modified (15ms)
[wrangler:info] GET /user/assets/images/map-icon.svg 304 Not Modified (9ms)
[wrangler:info] GET /user/assets/images/icon02.png 304 Not Modified (7ms)
[wrangler:info] GET /storage/recent-weddings/covers/qoDTDRcxIvksG7ocB44ekdeC0iio9QfzCKyitsnM.webp 304 Not Modified (8ms)
[wrangler:info] GET /storage/recent-weddings/gallery/Cb4wBs5Cj29JLWDQCEHmNkxCoTEjzAMwUSniWDBr.jpg 304 Not Modified (6ms)
[wrangler:info] GET /storage/recent-weddings/gallery/m719ZcmFUO7GiyRNalHzrBu5U35ztMCIHJWOafFp.jpg 304 Not Modified (9ms)
[wrangler:info] GET /storage/recent-weddings/gallery/AjhuqINByciH0v3emNZo4U3IRdrZ74nV43WR2PCi.jpg 304 Not Modified (13ms)
[wrangler:info] GET /storage/recent-weddings/covers/YHce9bdW97bDBMzcGKFO4bxlUwtADz0SOCgUvTFY.jpg 304 Not Modified (6ms)
[wrangler:info] GET /storage/recent-weddings/gallery/RT9mLE1xgROUZv97PnbYrlngMSiJPf1Fw18xYGDo.jpg 304 Not Modified (8ms)
[wrangler:info] GET /storage/recent-weddings/gallery/Rj3p3JJcjdaFqRxSenW3dqwSkVxp7JYUmvq4IinH.jpg 304 Not Modified (6ms)
[wrangler:info] GET /storage/recent-weddings/gallery/fjLJ82OACoVeSMIhcoAegtI0e6p0TJRkTxE5FMQV.jpg 304 Not Modified (11ms)
[wrangler:info] GET /storage/recent-weddings/covers/jiTcbMKNScY9RTRsJknBLLHdKcDdCxkJlEBFl6w6.jpg 304 Not Modified (7ms)
[wrangler:info] GET /storage/recent-weddings/gallery/Y5CY23qnwN3AKtmHzw6HFUQu4GWMa1OYPj0XECyj.jpg 304 Not Modified (9ms)
[wrangler:info] GET /storage/recent-weddings/gallery/uvMqI0CLGOeXpEQVPQOlW7nYnDxdlKrShedtUAvH.jpg 304 Not Modified (9ms)
[wrangler:info] GET /storage/recent-weddings/gallery/xGMJCxRq8S3vAFp3or3kBhnaxeRY7QGkETNRano1.jpg 304 Not Modified (8ms)
[wrangler:info] GET /storage/hotels/thumbnails/86qXi7kzbuwiVPRF5S5a4sh0HIacTgtRmeysQtM2.jpg 304 Not Modified (15ms)
[wrangler:info] GET /storage/hotels/thumbnails/bzULEIXQdp8mcmdXpNVWrWjNJsxGJrlrnF79DBfq.jpg 304 Not Modified (10ms)
[wrangler:info] GET /storage/hotels/thumbnails/9ZaNAwFNK07JfijoREalO82ViH2KpymwuWNkhM6J.jpg 304 Not Modified (8ms)
[wrangler:info] GET /storage/hotels/thumbnails/tnBVu1iPZHgWixBkuWF5oseJWAdDWebP3kJXN7DT.jpg 304 Not Modified (9ms)
[wrangler:info] GET /storage/hotels/thumbnails/Sv9kRxzHCCBMEwLTMyk7OcZGt8GxG9wqavPFvJpZ.jpg 304 Not Modified (12ms)
[wrangler:info] GET /storage/hotels/thumbnails/Pbax7yLGvRiIt8FJDEwQLtBKKMDib24NIuw79Y3g.jpg 304 Not Modified (8ms)
[wrangler:info] GET /user/assets/images/search.svg 304 Not Modified (11ms)
[wrangler:info] GET /user/assets/images/close-menu.svg 304 Not Modified (16ms)
[wrangler:info] GET /user/assets/images/star.svg 304 Not Modified (8ms)
[wrangler:info] GET /user/assets/images/city.png 304 Not Modified (11ms)
[wrangler:info] GET /user/assets/images/hotel.png 304 Not Modified (15ms)
[wrangler:info] GET /storage/hotel-cost-checker/steps/OTS7ztrCFNqYGF5VxjcZQXTo6cqpu9j8hZLVdh5Z.png 304 Not Modified (15ms)
[wrangler:info] GET /storage/hotel-cost-checker/steps/AIpeBfLHgzJsF54d9yORtCm34IatNsNA93o2En18.png 304 Not Modified (13ms)
[wrangler:info] GET /storage/hotel-cost-checker/steps/502TXgxD3DpvKJ1i8oQPPtORFknMtnZjQVkfsa92.png 304 Not Modified (18ms)
[wrangler:info] GET /storage/hotel-cost-checker/steps/THzzJrfi1orDoPcbxblcCblcIseBx4KQgYgxidqN.png 304 Not Modified (19ms)
[wrangler:info] GET /user/assets/images/input02.png 304 Not Modified (23ms)
[wrangler:info] GET /user/assets/images/start-y.svg 304 Not Modified (32ms)
[wrangler:info] GET /storage/services/QVgbTakXiv3TdQ8PovHt7It6QbYFk14iYRfDY9ec.jpg 304 Not Modified (7ms)
[wrangler:info] GET /storage/services/xXZwUQ881KxorgZDpEDuBy8mGG8vaoHlPWkxyi9a.jpg 304 Not Modified (11ms)
[wrangler:info] GET / 304 Not Modified (13ms)
[wrangler:info] GET /user/assets/vendor/bootstrap/css/bootstrap.min.css 304 Not Modified (8ms)
[wrangler:info] GET /vendor/flatpickr/flatpickr.min.css 304 Not Modified (10ms)
[wrangler:info] GET /user/assets/vendor/slick/css/slick.css 304 Not Modified (10ms)
[wrangler:info] GET /user/assets/vendor/aos/aos.css 304 Not Modified (12ms)
[wrangler:info] GET /user/assets/vendor/slick/css/slick-theme.css 304 Not Modified (12ms)
[wrangler:info] GET /vendor/google-fonts/google-fonts.css 304 Not Modified (17ms)
[wrangler:info] GET /user/assets/css/style.css 304 Not Modified (20ms)
[wrangler:info] GET /vendor/select2/select2.min.css 304 Not Modified (19ms)
[wrangler:info] GET /vendor/fontawesome/css/local-icon-fixes.css 304 Not Modified (12ms)
[wrangler:info] GET /vendor/fontawesome/css/all.min.css 304 Not Modified (19ms)
[wrangler:info] GET /user/assets/css/homepage-gold-theme.css 304 Not Modified (20ms)
[wrangler:info] GET /js/mutation-observer-guard.js 304 Not Modified (24ms)
[wrangler:info] GET /user/assets/images/logo.png 304 Not Modified (23ms)
[wrangler:info] GET /user/assets/vendor/jquery.min.js 304 Not Modified (15ms)
[wrangler:info] GET /user/assets/vendor/bootstrap/js/bootstrap.min.js 304 Not Modified (22ms)
[wrangler:info] GET /vendor/flatpickr/flatpickr.min.js 304 Not Modified (9ms)
[wrangler:info] GET /user/assets/vendor/slick/js/slick.min.js 304 Not Modified (11ms)
[wrangler:info] GET /user/assets/vendor/aos/aos.js 304 Not Modified (15ms)
[wrangler:info] GET /user/assets/js/custom.js 304 Not Modified (16ms)
[wrangler:info] GET /vendor/select2/select2.min.js 304 Not Modified (11ms)
[wrangler:info] GET /js/lead-forms.js 304 Not Modified (11ms)
[wrangler:info] GET /js/currency-switcher.js 304 Not Modified (12ms)
[wrangler:info] GET /js/site-search.js 304 Not Modified (13ms)
[wrangler:info] GET /storage/banners/4SkVYWKvY2RlANzTzq5Rh0jvzu28T6jdZ5ujG9kY.jpg 304 Not Modified (8ms)
[wrangler:info] GET /storage/banners/1N5vZk6PJa0CZfwK1MvMNRbzzlNCJ3qaM5wXFMig.jpg 304 Not Modified (15ms)
[wrangler:info] GET /storage/banners/zDU6MEA4ANapeel8MSyOa2BsYjxmLOsd3zd7CX48.jpg 304 Not Modified (19ms)
[wrangler:info] GET /storage/banners/X2NsD8x7byP3Uw0ckRe7GYx6c6MvfIostCeXnl94.jpg 304 Not Modified (24ms)
[wrangler:info] GET /vendor/google-fonts/font-32.ttf 304 Not Modified (12ms)
[wrangler:info] GET /vendor/google-fonts/font-15.ttf 304 Not Modified (12ms)
[wrangler:info] GET /vendor/google-fonts/font-14.ttf 304 Not Modified (9ms)
[wrangler:info] GET /vendor/google-fonts/font-12.ttf 304 Not Modified (10ms)
[wrangler:info] GET /vendor/google-fonts/font-36.ttf 304 Not Modified (13ms)
[wrangler:info] GET /vendor/google-fonts/font-29.ttf 304 Not Modified (16ms)
[wrangler:info] GET /vendor/google-fonts/font-39.ttf 304 Not Modified (18ms)
[wrangler:info] GET /vendor/google-fonts/font-38.ttf 304 Not Modified (8ms)
[wrangler:info] GET /vendor/google-fonts/font-40.ttf 304 Not Modified (12ms)
[wrangler:info] GET /vendor/google-fonts/font-11.ttf 304 Not Modified (14ms)
[wrangler:info] GET /vendor/google-fonts/font-30.ttf 304 Not Modified (15ms)
[wrangler:info] GET /vendor/google-fonts/font-33.ttf 304 Not Modified (14ms)
[wrangler:info] GET /vendor/google-fonts/font-37.ttf 304 Not Modified (15ms)
[wrangler:info] GET /vendor/google-fonts/font-31.ttf 304 Not Modified (17ms)
[wrangler:info] GET /vendor/google-fonts/font-10.ttf 304 Not Modified (9ms)
[wrangler:info] GET /user/assets/fonts/FelixTitlingMT.woff2 304 Not Modified (9ms)
[wrangler:info] GET /vendor/google-fonts/font-45.ttf 304 Not Modified (10ms)
[wrangler:info] GET /vendor/google-fonts/font-2.ttf 304 Not Modified (10ms)
[wrangler:info] GET /vendor/fontawesome/webfonts/fa-brands-400.woff2 304 Not Modified (12ms)
[wrangler:info] GET /user/assets/vendor/slick/css/ajax-loader.gif 304 Not Modified (9ms)
[wrangler:info] GET /user/assets/images/img-icon01.png 304 Not Modified (10ms)
[wrangler:info] GET /user/assets/images/img-icon02.png 304 Not Modified (15ms)
[wrangler:info] GET /user/assets/images/img-icon03.png 304 Not Modified (9ms)
[wrangler:info] GET /vendor/fontawesome/webfonts/fa-solid-900.woff2 304 Not Modified (13ms)
[wrangler:info] GET /storage/recent-weddings/covers/xBSKQ3gNQAAv7Db39yG2vRWtq0yY0hPKiwHYE28G.jpg 304 Not Modified (11ms)
[wrangler:info] GET /storage/recent-weddings/gallery/cKLLOAszeVHIfoXgE3pwAXLGE0X50XuaZ36bAqcL.jpg 304 Not Modified (12ms)
[wrangler:info] GET /storage/recent-weddings/gallery/qWbyIOHWMEGkCHsfowAL3pXFGynPQagg65Gt12sV.jpg 304 Not Modified (16ms)
[wrangler:info] GET /storage/recent-weddings/gallery/AhOBPuElnkoQ9h8fpnmiGKCmXmQXPBoWsxZfq8FV.jpg 304 Not Modified (24ms)
[wrangler:info] GET /user/assets/images/map-icon.svg 304 Not Modified (22ms)
[wrangler:info] GET /user/assets/images/icon02.png 304 Not Modified (21ms)
[wrangler:info] GET /storage/recent-weddings/covers/qoDTDRcxIvksG7ocB44ekdeC0iio9QfzCKyitsnM.webp 304 Not Modified (8ms)
[wrangler:info] GET /storage/recent-weddings/gallery/Cb4wBs5Cj29JLWDQCEHmNkxCoTEjzAMwUSniWDBr.jpg 304 Not Modified (9ms)
[wrangler:info] GET /storage/recent-weddings/gallery/m719ZcmFUO7GiyRNalHzrBu5U35ztMCIHJWOafFp.jpg 304 Not Modified (9ms)
[wrangler:info] GET /storage/recent-weddings/gallery/AjhuqINByciH0v3emNZo4U3IRdrZ74nV43WR2PCi.jpg 304 Not Modified (13ms)
[wrangler:info] GET /storage/recent-weddings/covers/YHce9bdW97bDBMzcGKFO4bxlUwtADz0SOCgUvTFY.jpg 304 Not Modified (12ms)
[wrangler:info] GET /storage/recent-weddings/gallery/RT9mLE1xgROUZv97PnbYrlngMSiJPf1Fw18xYGDo.jpg 304 Not Modified (9ms)
[wrangler:info] GET /storage/recent-weddings/gallery/Rj3p3JJcjdaFqRxSenW3dqwSkVxp7JYUmvq4IinH.jpg 304 Not Modified (14ms)
[wrangler:info] GET /storage/recent-weddings/gallery/fjLJ82OACoVeSMIhcoAegtI0e6p0TJRkTxE5FMQV.jpg 304 Not Modified (11ms)
[wrangler:info] GET /storage/recent-weddings/covers/jiTcbMKNScY9RTRsJknBLLHdKcDdCxkJlEBFl6w6.jpg 304 Not Modified (18ms)
[wrangler:info] GET /storage/recent-weddings/gallery/Y5CY23qnwN3AKtmHzw6HFUQu4GWMa1OYPj0XECyj.jpg 304 Not Modified (13ms)
[wrangler:info] GET /storage/recent-weddings/gallery/uvMqI0CLGOeXpEQVPQOlW7nYnDxdlKrShedtUAvH.jpg 304 Not Modified (11ms)
[wrangler:info] GET /storage/recent-weddings/gallery/xGMJCxRq8S3vAFp3or3kBhnaxeRY7QGkETNRano1.jpg 304 Not Modified (10ms)
[wrangler:info] GET /storage/hotels/thumbnails/86qXi7kzbuwiVPRF5S5a4sh0HIacTgtRmeysQtM2.jpg 304 Not Modified (14ms)
[wrangler:info] GET /storage/hotels/thumbnails/bzULEIXQdp8mcmdXpNVWrWjNJsxGJrlrnF79DBfq.jpg 304 Not Modified (8ms)
[wrangler:info] GET /storage/hotels/thumbnails/9ZaNAwFNK07JfijoREalO82ViH2KpymwuWNkhM6J.jpg 304 Not Modified (8ms)
[wrangler:info] GET /storage/hotels/thumbnails/tnBVu1iPZHgWixBkuWF5oseJWAdDWebP3kJXN7DT.jpg 304 Not Modified (9ms)
[wrangler:info] GET /storage/hotels/thumbnails/Sv9kRxzHCCBMEwLTMyk7OcZGt8GxG9wqavPFvJpZ.jpg 304 Not Modified (12ms)
[wrangler:info] GET /storage/hotels/thumbnails/Pbax7yLGvRiIt8FJDEwQLtBKKMDib24NIuw79Y3g.jpg 304 Not Modified (18ms)
[wrangler:info] GET /user/assets/images/star.svg 304 Not Modified (9ms)
[wrangler:info] GET /user/assets/images/search.svg 304 Not Modified (12ms)
[wrangler:info] GET /user/assets/images/close-menu.svg 304 Not Modified (13ms)
[wrangler:info] GET /user/assets/images/city.png 304 Not Modified (19ms)
[wrangler:info] GET /user/assets/images/hotel.png 304 Not Modified (18ms)
[wrangler:info] GET / 304 Not Modified (9ms)
[wrangler:info] GET /user/assets/vendor/bootstrap/css/bootstrap.min.css 304 Not Modified (9ms)
[wrangler:info] GET /vendor/flatpickr/flatpickr.min.css 304 Not Modified (16ms)
[wrangler:info] GET /user/assets/vendor/slick/css/slick.css 304 Not Modified (14ms)
[wrangler:info] GET /user/assets/vendor/slick/css/slick-theme.css 304 Not Modified (14ms)
[wrangler:info] GET /user/assets/vendor/aos/aos.css 304 Not Modified (18ms)
[wrangler:info] GET /user/assets/css/style.css 304 Not Modified (11ms)
[wrangler:info] GET /vendor/select2/select2.min.css 304 Not Modified (13ms)
[wrangler:info] GET /vendor/google-fonts/google-fonts.css 304 Not Modified (26ms)
[wrangler:info] GET /vendor/fontawesome/css/all.min.css 304 Not Modified (18ms)
[wrangler:info] GET /vendor/fontawesome/css/local-icon-fixes.css 304 Not Modified (15ms)
[wrangler:info] GET /user/assets/css/homepage-gold-theme.css 304 Not Modified (13ms)
[wrangler:info] GET /js/mutation-observer-guard.js 304 Not Modified (16ms)
[wrangler:info] GET /user/assets/images/logo.png 304 Not Modified (10ms)
[wrangler:info] GET /user/assets/vendor/jquery.min.js 304 Not Modified (8ms)
[wrangler:info] GET /user/assets/vendor/bootstrap/js/bootstrap.min.js 304 Not Modified (17ms)
[wrangler:info] GET /vendor/flatpickr/flatpickr.min.js 304 Not Modified (10ms)
[wrangler:info] GET /user/assets/vendor/slick/js/slick.min.js 304 Not Modified (10ms)
[wrangler:info] GET /user/assets/vendor/aos/aos.js 304 Not Modified (15ms)
[wrangler:info] GET /user/assets/js/custom.js 304 Not Modified (19ms)
[wrangler:info] GET /vendor/select2/select2.min.js 304 Not Modified (16ms)
[wrangler:info] GET /js/lead-forms.js 304 Not Modified (8ms)
[wrangler:info] GET /js/currency-switcher.js 304 Not Modified (21ms)
[wrangler:info] GET /js/site-search.js 304 Not Modified (11ms)
[wrangler:info] GET /user/assets/images/search.svg 304 Not Modified (11ms)
[wrangler:info] GET /vendor/google-fonts/font-32.ttf 304 Not Modified (9ms)
[wrangler:info] GET /vendor/google-fonts/font-12.ttf 304 Not Modified (9ms)
[wrangler:info] GET /vendor/google-fonts/font-15.ttf 304 Not Modified (7ms)
[wrangler:info] GET /storage/banners/4SkVYWKvY2RlANzTzq5Rh0jvzu28T6jdZ5ujG9kY.jpg 304 Not Modified (8ms)
[wrangler:info] GET /storage/banners/1N5vZk6PJa0CZfwK1MvMNRbzzlNCJ3qaM5wXFMig.jpg 304 Not Modified (9ms)
[wrangler:info] GET /storage/banners/zDU6MEA4ANapeel8MSyOa2BsYjxmLOsd3zd7CX48.jpg 304 Not Modified (7ms)
[wrangler:info] GET /storage/banners/X2NsD8x7byP3Uw0ckRe7GYx6c6MvfIostCeXnl94.jpg 304 Not Modified (9ms)
[wrangler:info] GET /user/assets/images/close-menu.svg 304 Not Modified (15ms)
[wrangler:info] GET /user/assets/images/img-icon01.png 304 Not Modified (12ms)
[wrangler:info] GET /user/assets/images/img-icon02.png 304 Not Modified (19ms)
[wrangler:info] GET /user/assets/images/img-icon03.png 304 Not Modified (17ms)
[wrangler:info] GET /vendor/fontawesome/webfonts/fa-brands-400.woff2 304 Not Modified (17ms)
[wrangler:info] GET /vendor/google-fonts/font-37.ttf 304 Not Modified (9ms)
[wrangler:info] GET /vendor/google-fonts/font-39.ttf 304 Not Modified (12ms)
[wrangler:info] GET /vendor/google-fonts/font-38.ttf 304 Not Modified (19ms)
[wrangler:info] GET /vendor/google-fonts/font-14.ttf 304 Not Modified (9ms)
[wrangler:info] GET /vendor/google-fonts/font-11.ttf 304 Not Modified (13ms)
[wrangler:info] GET /vendor/google-fonts/font-29.ttf 304 Not Modified (14ms)
[wrangler:info] GET /vendor/google-fonts/font-36.ttf 304 Not Modified (11ms)
[wrangler:info] GET /vendor/google-fonts/font-33.ttf 304 Not Modified (23ms)
[wrangler:info] GET /vendor/google-fonts/font-30.ttf 304 Not Modified (18ms)
[wrangler:info] GET /vendor/google-fonts/font-2.ttf 304 Not Modified (13ms)
[wrangler:info] GET /vendor/google-fonts/font-40.ttf 304 Not Modified (20ms)
[wrangler:info] GET /user/assets/fonts/FelixTitlingMT.woff2 304 Not Modified (21ms)
[wrangler:info] GET /vendor/google-fonts/font-45.ttf 304 Not Modified (10ms)
[wrangler:info] GET /vendor/google-fonts/font-31.ttf 304 Not Modified (11ms)
[wrangler:info] GET /vendor/google-fonts/font-10.ttf 304 Not Modified (11ms)
[wrangler:info] GET /user/assets/vendor/slick/css/ajax-loader.gif 304 Not Modified (16ms)
[wrangler:info] GET /storage/recent-weddings/covers/xBSKQ3gNQAAv7Db39yG2vRWtq0yY0hPKiwHYE28G.jpg 304 Not Modified (11ms)
[wrangler:info] GET /storage/recent-weddings/gallery/cKLLOAszeVHIfoXgE3pwAXLGE0X50XuaZ36bAqcL.jpg 304 Not Modified (14ms)
[wrangler:info] GET /storage/recent-weddings/gallery/qWbyIOHWMEGkCHsfowAL3pXFGynPQagg65Gt12sV.jpg 304 Not Modified (9ms)
[wrangler:info] GET /storage/recent-weddings/gallery/AhOBPuElnkoQ9h8fpnmiGKCmXmQXPBoWsxZfq8FV.jpg 304 Not Modified (18ms)
[wrangler:info] GET /user/assets/images/map-icon.svg 304 Not Modified (17ms)
[wrangler:info] GET /user/assets/images/icon02.png 304 Not Modified (45ms)
[wrangler:info] GET /storage/recent-weddings/covers/qoDTDRcxIvksG7ocB44ekdeC0iio9QfzCKyitsnM.webp 304 Not Modified (14ms)
[wrangler:info] GET /storage/recent-weddings/gallery/Cb4wBs5Cj29JLWDQCEHmNkxCoTEjzAMwUSniWDBr.jpg 304 Not Modified (14ms)
[wrangler:info] GET /storage/recent-weddings/gallery/m719ZcmFUO7GiyRNalHzrBu5U35ztMCIHJWOafFp.jpg 304 Not Modified (28ms)
[wrangler:info] GET /storage/recent-weddings/gallery/AjhuqINByciH0v3emNZo4U3IRdrZ74nV43WR2PCi.jpg 304 Not Modified (10ms)
[wrangler:info] GET /storage/recent-weddings/covers/YHce9bdW97bDBMzcGKFO4bxlUwtADz0SOCgUvTFY.jpg 304 Not Modified (9ms)
[wrangler:info] GET /storage/recent-weddings/gallery/RT9mLE1xgROUZv97PnbYrlngMSiJPf1Fw18xYGDo.jpg 304 Not Modified (15ms)
[wrangler:info] GET /storage/recent-weddings/gallery/Rj3p3JJcjdaFqRxSenW3dqwSkVxp7JYUmvq4IinH.jpg 304 Not Modified (17ms)
[wrangler:info] GET /storage/recent-weddings/gallery/fjLJ82OACoVeSMIhcoAegtI0e6p0TJRkTxE5FMQV.jpg 304 Not Modified (53ms)
[wrangler:info] GET /storage/recent-weddings/covers/jiTcbMKNScY9RTRsJknBLLHdKcDdCxkJlEBFl6w6.jpg 304 Not Modified (41ms)
[wrangler:info] GET /storage/recent-weddings/gallery/Y5CY23qnwN3AKtmHzw6HFUQu4GWMa1OYPj0XECyj.jpg 304 Not Modified (16ms)
[wrangler:info] GET /storage/recent-weddings/gallery/uvMqI0CLGOeXpEQVPQOlW7nYnDxdlKrShedtUAvH.jpg 304 Not Modified (15ms)
[wrangler:info] GET /storage/recent-weddings/gallery/xGMJCxRq8S3vAFp3or3kBhnaxeRY7QGkETNRano1.jpg 304 Not Modified (17ms)
[wrangler:info] GET /storage/hotels/thumbnails/86qXi7kzbuwiVPRF5S5a4sh0HIacTgtRmeysQtM2.jpg 304 Not Modified (15ms)
[wrangler:info] GET /storage/hotels/thumbnails/bzULEIXQdp8mcmdXpNVWrWjNJsxGJrlrnF79DBfq.jpg 304 Not Modified (14ms)
[wrangler:info] GET /storage/hotels/thumbnails/9ZaNAwFNK07JfijoREalO82ViH2KpymwuWNkhM6J.jpg 304 Not Modified (11ms)
[wrangler:info] GET /storage/hotels/thumbnails/tnBVu1iPZHgWixBkuWF5oseJWAdDWebP3kJXN7DT.jpg 304 Not Modified (11ms)
[wrangler:info] GET /storage/hotels/thumbnails/Sv9kRxzHCCBMEwLTMyk7OcZGt8GxG9wqavPFvJpZ.jpg 304 Not Modified (16ms)
[wrangler:info] GET /storage/hotels/thumbnails/Pbax7yLGvRiIt8FJDEwQLtBKKMDib24NIuw79Y3g.jpg 304 Not Modified (20ms)
[wrangler:info] GET /user/assets/images/star.svg 304 Not Modified (8ms)
[wrangler:info] GET /vendor/fontawesome/webfonts/fa-solid-900.woff2 304 Not Modified (10ms)
[wrangler:info] GET /user/assets/images/city.png 304 Not Modified (14ms)
[wrangler:info] GET /user/assets/images/hotel.png 304 Not Modified (29ms)
[wrangler:info] GET / 304 Not Modified (19ms)
[wrangler:info] GET /user/assets/vendor/bootstrap/css/bootstrap.min.css 304 Not Modified (16ms)
[wrangler:info] GET /vendor/flatpickr/flatpickr.min.css 304 Not Modified (15ms)
[wrangler:info] GET /user/assets/vendor/slick/css/slick.css 304 Not Modified (29ms)
[wrangler:info] GET /user/assets/vendor/slick/css/slick-theme.css 304 Not Modified (20ms)
[wrangler:info] GET /user/assets/vendor/aos/aos.css 304 Not Modified (17ms)
[wrangler:info] GET /vendor/google-fonts/google-fonts.css 304 Not Modified (24ms)
[wrangler:info] GET /vendor/select2/select2.min.css 304 Not Modified (24ms)
[wrangler:info] GET /user/assets/css/style.css 304 Not Modified (24ms)
[wrangler:info] GET /vendor/fontawesome/css/all.min.css 304 Not Modified (16ms)
[wrangler:info] GET /user/assets/css/homepage-gold-theme.css 304 Not Modified (22ms)
[wrangler:info] GET /vendor/fontawesome/css/local-icon-fixes.css 304 Not Modified (30ms)
[wrangler:info] GET /user/assets/images/logo.png 304 Not Modified (17ms)
[wrangler:info] GET /js/mutation-observer-guard.js 304 Not Modified (29ms)
[wrangler:info] GET /user/assets/vendor/jquery.min.js 304 Not Modified (15ms)
[wrangler:info] GET /user/assets/vendor/bootstrap/js/bootstrap.min.js 304 Not Modified (25ms)
[wrangler:info] GET /vendor/flatpickr/flatpickr.min.js 304 Not Modified (10ms)
[wrangler:info] GET /user/assets/vendor/slick/js/slick.min.js 304 Not Modified (9ms)
[wrangler:info] GET /user/assets/vendor/aos/aos.js 304 Not Modified (17ms)
[wrangler:info] GET /user/assets/js/custom.js 304 Not Modified (31ms)
[wrangler:info] GET /vendor/select2/select2.min.js 304 Not Modified (32ms)
[wrangler:info] GET /js/lead-forms.js 304 Not Modified (31ms)
[wrangler:info] GET /js/currency-switcher.js 304 Not Modified (18ms)
[wrangler:info] GET /js/site-search.js 304 Not Modified (21ms)
[wrangler:info] GET /storage/banners/4SkVYWKvY2RlANzTzq5Rh0jvzu28T6jdZ5ujG9kY.jpg 304 Not Modified (11ms)
[wrangler:info] GET /storage/banners/1N5vZk6PJa0CZfwK1MvMNRbzzlNCJ3qaM5wXFMig.jpg 304 Not Modified (15ms)
[wrangler:info] GET /storage/banners/zDU6MEA4ANapeel8MSyOa2BsYjxmLOsd3zd7CX48.jpg 304 Not Modified (21ms)
[wrangler:info] GET /storage/banners/X2NsD8x7byP3Uw0ckRe7GYx6c6MvfIostCeXnl94.jpg 304 Not Modified (23ms)
[wrangler:info] GET /vendor/google-fonts/font-32.ttf 304 Not Modified (8ms)
[wrangler:info] GET /vendor/google-fonts/font-15.ttf 304 Not Modified (13ms)
[wrangler:info] GET /vendor/google-fonts/font-14.ttf 304 Not Modified (8ms)
[wrangler:info] GET /vendor/google-fonts/font-36.ttf 304 Not Modified (11ms)
[wrangler:info] GET /vendor/google-fonts/font-12.ttf 304 Not Modified (17ms)
[wrangler:info] GET /vendor/google-fonts/font-29.ttf 304 Not Modified (17ms)
[wrangler:info] GET /vendor/google-fonts/font-39.ttf 304 Not Modified (19ms)
[wrangler:info] GET /vendor/google-fonts/font-38.ttf 304 Not Modified (30ms)
[wrangler:info] GET /vendor/google-fonts/font-40.ttf 304 Not Modified (20ms)
[wrangler:info] GET /vendor/google-fonts/font-11.ttf 304 Not Modified (8ms)
[wrangler:info] GET /vendor/google-fonts/font-30.ttf 304 Not Modified (11ms)
[wrangler:info] GET /vendor/google-fonts/font-33.ttf 304 Not Modified (10ms)
[wrangler:info] GET /vendor/google-fonts/font-37.ttf 304 Not Modified (10ms)
[wrangler:info] GET /vendor/google-fonts/font-31.ttf 304 Not Modified (9ms)
[wrangler:info] GET /vendor/google-fonts/font-10.ttf 304 Not Modified (11ms)
[wrangler:info] GET /user/assets/fonts/FelixTitlingMT.woff2 304 Not Modified (16ms)
[wrangler:info] GET /vendor/google-fonts/font-45.ttf 304 Not Modified (16ms)
[wrangler:info] GET /vendor/google-fonts/font-2.ttf 304 Not Modified (13ms)
[wrangler:info] GET /vendor/fontawesome/webfonts/fa-brands-400.woff2 304 Not Modified (18ms)
[wrangler:info] GET /user/assets/vendor/slick/css/ajax-loader.gif 304 Not Modified (16ms)
[wrangler:info] GET /user/assets/images/img-icon01.png 304 Not Modified (8ms)
[wrangler:info] GET /user/assets/images/img-icon02.png 304 Not Modified (12ms)
[wrangler:info] GET /user/assets/images/img-icon03.png 304 Not Modified (11ms)
[wrangler:info] GET /vendor/fontawesome/webfonts/fa-solid-900.woff2 304 Not Modified (10ms)
[wrangler:info] GET /storage/recent-weddings/covers/xBSKQ3gNQAAv7Db39yG2vRWtq0yY0hPKiwHYE28G.jpg 304 Not Modified (20ms)
[wrangler:info] GET /storage/recent-weddings/gallery/cKLLOAszeVHIfoXgE3pwAXLGE0X50XuaZ36bAqcL.jpg 304 Not Modified (19ms)
[wrangler:info] GET /storage/recent-weddings/gallery/AhOBPuElnkoQ9h8fpnmiGKCmXmQXPBoWsxZfq8FV.jpg 304 Not Modified (21ms)
[wrangler:info] GET /storage/recent-weddings/gallery/qWbyIOHWMEGkCHsfowAL3pXFGynPQagg65Gt12sV.jpg 304 Not Modified (20ms)
[wrangler:info] GET /user/assets/images/map-icon.svg 304 Not Modified (19ms)
[wrangler:info] GET /user/assets/images/icon02.png 304 Not Modified (13ms)
[wrangler:info] GET /storage/recent-weddings/covers/qoDTDRcxIvksG7ocB44ekdeC0iio9QfzCKyitsnM.webp 304 Not Modified (25ms)
[wrangler:info] GET /storage/recent-weddings/gallery/Cb4wBs5Cj29JLWDQCEHmNkxCoTEjzAMwUSniWDBr.jpg 304 Not Modified (18ms)
[wrangler:info] GET /storage/recent-weddings/gallery/m719ZcmFUO7GiyRNalHzrBu5U35ztMCIHJWOafFp.jpg 304 Not Modified (16ms)
[wrangler:info] GET /storage/recent-weddings/gallery/AjhuqINByciH0v3emNZo4U3IRdrZ74nV43WR2PCi.jpg 304 Not Modified (25ms)
[wrangler:info] GET /storage/recent-weddings/covers/YHce9bdW97bDBMzcGKFO4bxlUwtADz0SOCgUvTFY.jpg 304 Not Modified (29ms)
[wrangler:info] GET /storage/recent-weddings/gallery/RT9mLE1xgROUZv97PnbYrlngMSiJPf1Fw18xYGDo.jpg 304 Not Modified (24ms)
[wrangler:info] GET /storage/recent-weddings/gallery/Rj3p3JJcjdaFqRxSenW3dqwSkVxp7JYUmvq4IinH.jpg 304 Not Modified (10ms)
[wrangler:info] GET /storage/recent-weddings/gallery/fjLJ82OACoVeSMIhcoAegtI0e6p0TJRkTxE5FMQV.jpg 304 Not Modified (9ms)
[wrangler:info] GET /storage/recent-weddings/covers/jiTcbMKNScY9RTRsJknBLLHdKcDdCxkJlEBFl6w6.jpg 304 Not Modified (9ms)
[wrangler:info] GET /storage/recent-weddings/gallery/Y5CY23qnwN3AKtmHzw6HFUQu4GWMa1OYPj0XECyj.jpg 304 Not Modified (11ms)
[wrangler:info] GET /storage/recent-weddings/gallery/uvMqI0CLGOeXpEQVPQOlW7nYnDxdlKrShedtUAvH.jpg 304 Not Modified (8ms)
[wrangler:info] GET /storage/recent-weddings/gallery/xGMJCxRq8S3vAFp3or3kBhnaxeRY7QGkETNRano1.jpg 304 Not Modified (11ms)
[wrangler:info] GET /storage/hotels/thumbnails/86qXi7kzbuwiVPRF5S5a4sh0HIacTgtRmeysQtM2.jpg 304 Not Modified (12ms)
[wrangler:info] GET /storage/hotels/thumbnails/bzULEIXQdp8mcmdXpNVWrWjNJsxGJrlrnF79DBfq.jpg 304 Not Modified (10ms)
[wrangler:info] GET /storage/hotels/thumbnails/9ZaNAwFNK07JfijoREalO82ViH2KpymwuWNkhM6J.jpg 304 Not Modified (9ms)
[wrangler:info] GET /storage/hotels/thumbnails/tnBVu1iPZHgWixBkuWF5oseJWAdDWebP3kJXN7DT.jpg 304 Not Modified (11ms)
[wrangler:info] GET /storage/hotels/thumbnails/Sv9kRxzHCCBMEwLTMyk7OcZGt8GxG9wqavPFvJpZ.jpg 304 Not Modified (16ms)
[wrangler:info] GET /storage/hotels/thumbnails/Pbax7yLGvRiIt8FJDEwQLtBKKMDib24NIuw79Y3g.jpg 304 Not Modified (20ms)
[wrangler:info] GET /user/assets/images/star.svg 304 Not Modified (8ms)
[wrangler:info] GET /user/assets/images/search.svg 304 Not Modified (7ms)
[wrangler:info] GET /user/assets/images/close-menu.svg 304 Not Modified (10ms)
[wrangler:info] GET /user/assets/images/city.png 304 Not Modified (17ms)
[wrangler:info] GET /user/assets/images/hotel.png 304 Not Modified (21ms)
[wrangler:info] GET /user/assets/images/input02.png 304 Not Modified (10ms)
[wrangler:info] GET /storage/hotel-cost-checker/steps/OTS7ztrCFNqYGF5VxjcZQXTo6cqpu9j8hZLVdh5Z.png 304 Not Modified (9ms)
[wrangler:info] GET /storage/hotel-cost-checker/steps/AIpeBfLHgzJsF54d9yORtCm34IatNsNA93o2En18.png 304 Not Modified (8ms)
[wrangler:info] GET /storage/hotel-cost-checker/steps/502TXgxD3DpvKJ1i8oQPPtORFknMtnZjQVkfsa92.png 304 Not Modified (11ms)
[wrangler:info] GET /storage/hotel-cost-checker/steps/THzzJrfi1orDoPcbxblcCblcIseBx4KQgYgxidqN.png 304 Not Modified (6ms)
[wrangler:info] GET /user/assets/images/start-y.svg 304 Not Modified (7ms)
[wrangler:info] GET /storage/services/QVgbTakXiv3TdQ8PovHt7It6QbYFk14iYRfDY9ec.jpg 304 Not Modified (9ms)
[wrangler:info] GET /storage/services/xXZwUQ881KxorgZDpEDuBy8mGG8vaoHlPWkxyi9a.jpg 304 Not Modified (13ms)
