
 ⛅️ wrangler 4.120.0 (update available 4.122.0)
───────────────────────────────────────────────
Using secrets defined in .env.local
Your Worker has access to the following bindings:
Binding                                                Resource                  Mode
env.DATABASE_URL ("(hidden)")                          Environment Variable      local
env.DATABASE_SSL_REJECT_UNAUTHORIZED ("(hidden)")      Environment Variable      local
env.RESEND_API_KEY ("(hidden)")                        Environment Variable      local
env.RESEND_FROM_EMAIL ("(hidden)")                     Environment Variable      local
env.RESEND_REPLY_TO ("(hidden)")                       Environment Variable      local
env.LEAD_EMAIL_TO ("(hidden)")                         Environment Variable      local
env.LEAD_EMAIL_SUBJECT ("(hidden)")                    Environment Variable      local
env.RESEND_ALLOW_INSECURE_LOCAL_TLS ("(hidden)")       Environment Variable      local

[wrangler:warn] Unable to fetch the `Request.cf` object! Falling back to a default placeholder...
Error: self-signed certificate in certificate chain
    at TLSSocket.onConnectSecure (node:internal/tls/wrap:1649:34)
    at TLSSocket.emit (node:events:508:28)
    at TLSSocket.emit (node:domain:489:12)
    at TLSSocket._finishInit (node:internal/tls/wrap:1095:8)
    at ssl.onhandshakedone (node:internal/tls/wrap:881:12)
Wrangler detected this dev session is running in an AI agent.
The Local Explorer API is available at http://127.0.0.1:3002/cdn-cgi/local/explorer/api
Useful routes:
  GET http://127.0.0.1:3002/cdn-cgi/local/explorer/api/local/workers - local Workers and bindings
  GET http://127.0.0.1:3002/cdn-cgi/local/explorer/api/storage/kv/namespaces - KV namespaces
  GET http://127.0.0.1:3002/cdn-cgi/local/explorer/api/d1/database - D1 databases
  GET http://127.0.0.1:3002/cdn-cgi/local/explorer/api/r2/buckets - R2 buckets
  GET http://127.0.0.1:3002/cdn-cgi/local/explorer/api/workers/durable_objects/namespaces - Durable Object namespaces
  GET http://127.0.0.1:3002/cdn-cgi/local/explorer/api/workflows - Workflows
  POST http://127.0.0.1:3002/cdn-cgi/local/explorer/api/local/observability/query - run a read-only SQL query (SELECT/WITH only) over captured request traces and console logs. Tables: spans, logs (read attributes via json(attributes)). Example:
    curl -X POST http://127.0.0.1:3002/cdn-cgi/local/explorer/api/local/observability/query -H 'Content-Type: application/json' -d '{"sql":"SELECT service, name, outcome, duration_ms FROM spans WHERE parent_id IS NULL LIMIT 20"}'
If the routes above don't cover what you need, fetch the full OpenAPI schema (large - use only as a last resort):
  GET http://127.0.0.1:3002/cdn-cgi/local/explorer/api - OpenAPI schema
Attaching additional modules:
┌─────────────────────────────────────┬──────┬────────────┐
│ Name                                │ Type │ Size       │
├─────────────────────────────────────┼──────┼────────────┤
│ ssr/assets/worker-entry-BhhNTXFX.js │ esm  │ 5.14 KiB   │
├─────────────────────────────────────┼──────┼────────────┤
│ ssr/index.js                        │ esm  │ 537.72 KiB │
├─────────────────────────────────────┼──────┼────────────┤
│ ssr/__vite_rsc_assets_manifest.js   │ esm  │ 0.94 KiB   │
├─────────────────────────────────────┼──────┼────────────┤
│ __vite_rsc_assets_manifest.js       │ esm  │ 0.94 KiB   │
├─────────────────────────────────────┼──────┼────────────┤
│ Total (4 modules)                   │      │ 544.74 KiB │
└─────────────────────────────────────┴──────┴────────────┘
⎔ Starting local server...
[wrangler:warn] Unable to fetch the `Request.cf` object! Falling back to a default placeholder...
Error: self-signed certificate in certificate chain
    at TLSSocket.onConnectSecure (node:internal/tls/wrap:1649:34)
    at TLSSocket.emit (node:events:508:28)
    at TLSSocket.emit (node:domain:489:12)
    at TLSSocket._finishInit (node:internal/tls/wrap:1095:8)
    at ssl.onhandshakedone (node:internal/tls/wrap:881:12)
[wrangler:info] ✨ Parsed 2 valid header rules.
[wrangler:info] Ready on http://127.0.0.1:3002
[wrangler:info] GET / 200 OK (39ms)
[wrangler:info] GET /hotel-listing 307 Temporary Redirect (12ms)
[wrangler:info] GET /hotel-listing/ 200 OK (10ms)
[wrangler:info] GET /user/assets/vendor/bootstrap/css/bootstrap.min.css 304 Not Modified (10ms)
[wrangler:info] GET /vendor/flatpickr/flatpickr.min.css 304 Not Modified (16ms)
[wrangler:info] GET /user/assets/vendor/slick/css/slick.css 304 Not Modified (19ms)
[wrangler:info] GET /user/assets/vendor/slick/css/slick-theme.css 304 Not Modified (25ms)
[wrangler:info] GET /user/assets/vendor/aos/aos.css 304 Not Modified (28ms)
[wrangler:info] GET /vendor/google-fonts/google-fonts.css 304 Not Modified (32ms)
[wrangler:info] GET /user/assets/css/style.css 304 Not Modified (29ms)
[wrangler:info] GET /vendor/select2/select2.min.css 304 Not Modified (24ms)
[wrangler:info] GET /vendor/fontawesome/css/all.min.css 304 Not Modified (25ms)
[wrangler:info] GET /user/assets/images/logo.png 304 Not Modified (24ms)
[wrangler:info] GET /vendor/fontawesome/css/local-icon-fixes.css 304 Not Modified (44ms)
[wrangler:info] GET /js/mutation-observer-guard.js 304 Not Modified (47ms)
[wrangler:info] GET /user/assets/vendor/jquery.min.js 304 Not Modified (9ms)
[wrangler:info] GET /user/assets/vendor/bootstrap/js/bootstrap.min.js 304 Not Modified (11ms)
[wrangler:info] GET /vendor/flatpickr/flatpickr.min.js 304 Not Modified (8ms)
[wrangler:info] GET /user/assets/vendor/slick/js/slick.min.js 304 Not Modified (8ms)
[wrangler:info] GET /user/assets/vendor/aos/aos.js 304 Not Modified (6ms)
[wrangler:info] GET /user/assets/js/custom.js 304 Not Modified (10ms)
[wrangler:info] GET /vendor/select2/select2.min.js 304 Not Modified (14ms)
[wrangler:info] GET /js/hotel-listing.js 200 OK (11ms)
[wrangler:info] GET /js/lead-forms.js 304 Not Modified (10ms)
[wrangler:info] GET /js/currency-switcher.js 304 Not Modified (9ms)
[wrangler:info] GET /js/site-search.js 304 Not Modified (12ms)
[wrangler:info] GET /user/assets/images/search.svg 304 Not Modified (17ms)
[wrangler:info] GET /user/assets/images/close-menu.svg 304 Not Modified (20ms)
[wrangler:info] GET /storage/hotels/thumbnails/tnBVu1iPZHgWixBkuWF5oseJWAdDWebP3kJXN7DT.jpg 304 Not Modified (15ms)
[wrangler:info] GET /storage/hotels/thumbnails/Sv9kRxzHCCBMEwLTMyk7OcZGt8GxG9wqavPFvJpZ.jpg 304 Not Modified (13ms)
[wrangler:info] GET /user/assets/images/map-icon.svg 304 Not Modified (13ms)
[wrangler:info] GET /vendor/google-fonts/font-32.ttf 304 Not Modified (14ms)
[wrangler:info] GET /storage/hotels/thumbnails/Pbax7yLGvRiIt8FJDEwQLtBKKMDib24NIuw79Y3g.jpg 304 Not Modified (17ms)
[wrangler:info] GET /vendor/google-fonts/font-12.ttf 304 Not Modified (19ms)
[wrangler:info] GET /vendor/google-fonts/font-36.ttf 304 Not Modified (8ms)
[wrangler:info] GET /vendor/google-fonts/font-40.ttf 304 Not Modified (13ms)
[wrangler:info] GET /vendor/google-fonts/font-15.ttf 304 Not Modified (13ms)
[wrangler:info] GET /vendor/google-fonts/font-14.ttf 304 Not Modified (13ms)
[wrangler:info] GET /vendor/fontawesome/webfonts/fa-brands-400.woff2 304 Not Modified (10ms)
[wrangler:info] GET /vendor/google-fonts/font-37.ttf 304 Not Modified (15ms)
[wrangler:info] GET /vendor/google-fonts/font-39.ttf 304 Not Modified (16ms)
[wrangler:info] GET /vendor/google-fonts/font-38.ttf 304 Not Modified (8ms)
[wrangler:info] GET /vendor/google-fonts/font-11.ttf 304 Not Modified (12ms)
[wrangler:info] GET /vendor/google-fonts/font-29.ttf 304 Not Modified (12ms)
[wrangler:info] GET /vendor/fontawesome/webfonts/fa-solid-900.woff2 304 Not Modified (13ms)
[wrangler:info] GET /vendor/google-fonts/font-33.ttf 304 Not Modified (18ms)
[wrangler:info] GET /vendor/google-fonts/font-30.ttf 304 Not Modified (19ms)
[wrangler:info] GET /data/hotel-listing-data.json 200 OK (8ms)
[wrangler:info] GET /api/currencies 200 OK (74ms)
[wrangler:info] GET /storage/hotels/thumbnails/NWWX9kcfGqxbQHU6LGFV6PihiqJupAgPdUnKyP93.jpg 200 OK (6ms)
[wrangler:info] GET /storage/hotels/thumbnails/9ZaNAwFNK07JfijoREalO82ViH2KpymwuWNkhM6J.jpg 304 Not Modified (8ms)
[wrangler:info] GET /storage/hotels/thumbnails/bzULEIXQdp8mcmdXpNVWrWjNJsxGJrlrnF79DBfq.jpg 304 Not Modified (10ms)
[wrangler:info] GET /storage/hotels/thumbnails/86qXi7kzbuwiVPRF5S5a4sh0HIacTgtRmeysQtM2.jpg 304 Not Modified (15ms)
[wrangler:info] GET /storage/hotels/thumbnails/Rob4BYlR1qTHbnZQMalclcoeVRhhluhNjMzaEjAr.png 200 OK (10ms)
[wrangler:info] GET /storage/hotels/thumbnails/p8rjHm5DwmefsfteDKpCuv4LPDaMgWNRvMWkaSgt.png 200 OK (11ms)
[wrangler:info] GET /storage/hotels/thumbnails/RVqE1nXAccleBDLE06YQ2pbVvaNwWdYdd1zJzQYk.jpg 200 OK (12ms)
[wrangler:info] GET /storage/hotels/thumbnails/B7WZDKqeNmmSZujm5ZzvBcIhyKf1PfARJ8M28X9N.jpg 200 OK (14ms)
[wrangler:info] GET /storage/hotels/thumbnails/C7VUGBdEiQsZsxRcORssPyk8gvPxr4p3CnuwjZ7r.png 200 OK (17ms)
[wrangler:info] GET /storage/hotels/thumbnails/yTnvZSkowHY9bgLcQU9oil0iR9IyZp0nxjhBHoYn.jpg 200 OK (20ms)
[wrangler:info] GET /storage/hotel/seo/IIyGVRJaH0UaBws4tjfy5NqEdqmLj7CT9cCEODi3.jpg 200 OK (22ms)
[wrangler:info] GET /storage/hotel/seo/UvXMtM5mBJLkzJ9kvfWvW0L7n7oLyvT4kYmQY22Z.jpg 200 OK (14ms)
[wrangler:info] GET /storage/hotel/seo/oNjKnzVCOy7nt7ENzwiwa4nhoUYZYbsOcvgIY8nV.jpg 200 OK (5ms)
[wrangler:info] GET /destination-wedding/udaipur 307 Temporary Redirect (4ms)
[wrangler:info] GET /destination-wedding/udaipur/ 200 OK (4ms)
[wrangler:info] GET /user/assets/vendor/bootstrap/css/bootstrap.min.css 304 Not Modified (15ms)
[wrangler:info] GET /vendor/flatpickr/flatpickr.min.css 304 Not Modified (10ms)
[wrangler:info] GET /user/assets/vendor/slick/css/slick.css 304 Not Modified (12ms)
[wrangler:info] GET /user/assets/vendor/slick/css/slick-theme.css 304 Not Modified (17ms)
[wrangler:info] GET /user/assets/vendor/aos/aos.css 304 Not Modified (22ms)
[wrangler:info] GET /vendor/google-fonts/google-fonts.css 304 Not Modified (23ms)
[wrangler:info] GET /vendor/select2/select2.min.css 304 Not Modified (12ms)
[wrangler:info] GET /user/assets/css/style.css 304 Not Modified (18ms)
[wrangler:info] GET /vendor/fontawesome/css/local-icon-fixes.css 304 Not Modified (11ms)
[wrangler:info] GET /vendor/fontawesome/css/all.min.css 304 Not Modified (11ms)
[wrangler:info] GET /js/mutation-observer-guard.js 304 Not Modified (11ms)
[wrangler:info] GET /user/assets/images/logo.png 304 Not Modified (13ms)
[wrangler:info] GET /user/assets/vendor/jquery.min.js 304 Not Modified (9ms)
[wrangler:info] GET /user/assets/vendor/bootstrap/js/bootstrap.min.js 304 Not Modified (8ms)
[wrangler:info] GET /vendor/flatpickr/flatpickr.min.js 304 Not Modified (7ms)
[wrangler:info] GET /user/assets/vendor/slick/js/slick.min.js 304 Not Modified (8ms)
[wrangler:info] GET /user/assets/vendor/aos/aos.js 304 Not Modified (15ms)
[wrangler:info] GET /user/assets/js/custom.js 304 Not Modified (17ms)
[wrangler:info] GET /vendor/select2/select2.min.js 304 Not Modified (21ms)
[wrangler:info] GET /js/lead-forms.js 304 Not Modified (27ms)
[wrangler:info] GET /js/currency-switcher.js 304 Not Modified (9ms)
[wrangler:info] GET /user/assets/images/search.svg 304 Not Modified (9ms)
[wrangler:info] GET /js/site-search.js 304 Not Modified (7ms)
[wrangler:info] GET /js/hotel-listing.js 304 Not Modified (8ms)
[wrangler:info] GET /user/assets/images/close-menu.svg 304 Not Modified (5ms)
[wrangler:info] GET /storage/hotels/thumbnails/Sv9kRxzHCCBMEwLTMyk7OcZGt8GxG9wqavPFvJpZ.jpg 304 Not Modified (10ms)
[wrangler:info] GET /user/assets/images/map-icon.svg 304 Not Modified (9ms)
[wrangler:info] GET /storage/hotels/thumbnails/bzULEIXQdp8mcmdXpNVWrWjNJsxGJrlrnF79DBfq.jpg 304 Not Modified (12ms)
[wrangler:info] GET /storage/hotels/thumbnails/V5sS8fYBpEo0X0XXjf75QVaJYBqHwG4RHedakkYs.png 200 OK (9ms)
[wrangler:info] GET /storage/hotels/thumbnails/rLMuvCi37TCUwEt2op8IUdluuGjnU09pXugylzYx.png 200 OK (7ms)
[wrangler:info] GET /storage/hotels/thumbnails/aTkSksmBRnbaOy4kdknSKDZ2AUerkJ2O7le5KSxa.png 200 OK (9ms)
[wrangler:info] GET /storage/hotels/thumbnails/8EYdWNjhbq830ZN7A8k3132AGGBDM6IWgV4amZw6.png 200 OK (21ms)
[wrangler:info] GET /data/hotel-listing-data.json 304 Not Modified (24ms)
[wrangler:info] GET /storage/hotels/thumbnails/xaCf4V8zkDAKomKmaFxoKUPzEvCGP8eEdGvHw53R.png 200 OK (15ms)
[wrangler:info] GET /storage/hotels/thumbnails/nGV9EYmP2VnYubASiumOyzjJQzeAL9eW4g6UzpLd.png 200 OK (12ms)
[wrangler:info] GET /destination-wedding/udaipur/the-leela-palace-udaipur 307 Temporary Redirect (6ms)
[wrangler:info] GET /destination-wedding/udaipur/the-leela-palace-udaipur/ 200 OK (7ms)
[wrangler:info] GET /user/assets/vendor/bootstrap/css/bootstrap.min.css 304 Not Modified (17ms)
[wrangler:info] GET /vendor/flatpickr/flatpickr.min.css 304 Not Modified (17ms)
[wrangler:info] GET /user/assets/vendor/slick/css/slick.css 304 Not Modified (17ms)
[wrangler:info] GET /user/assets/vendor/slick/css/slick-theme.css 304 Not Modified (21ms)
[wrangler:info] GET /vendor/slick/slick.min.css 200 OK (24ms)
[wrangler:info] GET /vendor/fancybox/fancybox.css 200 OK (28ms)
[wrangler:info] GET /vendor/google-fonts/google-fonts.css 304 Not Modified (12ms)
[wrangler:info] GET /user/assets/css/style.css 304 Not Modified (15ms)
[wrangler:info] GET /user/assets/vendor/aos/aos.css 304 Not Modified (26ms)
[wrangler:info] GET /vendor/fontawesome/css/all.min.css 304 Not Modified (20ms)
[wrangler:info] GET /js/mutation-observer-guard.js 304 Not Modified (13ms)
[wrangler:info] GET /vendor/fontawesome/css/local-icon-fixes.css 304 Not Modified (20ms)
[wrangler:info] GET /user/assets/images/logo.png 304 Not Modified (15ms)
[wrangler:info] GET /user/assets/vendor/jquery.min.js 304 Not Modified (24ms)
[wrangler:info] GET /user/assets/vendor/bootstrap/js/bootstrap.min.js 304 Not Modified (16ms)
[wrangler:info] GET /user/assets/vendor/slick/js/slick.min.js 304 Not Modified (21ms)
[wrangler:info] GET /vendor/flatpickr/flatpickr.min.js 304 Not Modified (21ms)
[wrangler:info] GET /user/assets/vendor/aos/aos.js 304 Not Modified (29ms)
[wrangler:info] GET /user/assets/js/custom.js 304 Not Modified (26ms)
[wrangler:info] GET /vendor/select2/select2.min.css 304 Not Modified (11ms)
[wrangler:info] GET /vendor/select2/select2.min.js 304 Not Modified (7ms)
[wrangler:info] GET /user/assets/images/search.svg 304 Not Modified (16ms)
[wrangler:info] GET /vendor/fancybox/fancybox.umd.js 200 OK (22ms)
[wrangler:info] GET /vendor/slick/slick.min.js 200 OK (25ms)
[wrangler:info] GET /js/lead-forms.js 304 Not Modified (28ms)
[wrangler:info] GET /js/currency-switcher.js 304 Not Modified (34ms)
[wrangler:info] GET /js/site-search.js 304 Not Modified (42ms)
[wrangler:info] GET /user/assets/images/close-menu.svg 304 Not Modified (46ms)
[wrangler:info] GET /storage/hotels/banners/M1MXNmoRSLqm3AWgHOJcWAaKkeTPqAtujN3446sZ.jpg 200 OK (44ms)
[wrangler:info] GET /vendor/google-fonts/font-34.ttf 200 OK (29ms)
[wrangler:info] GET /vendor/google-fonts/font-31.ttf 304 Not Modified (25ms)
[wrangler:info] GET /user/assets/images/train.png 200 OK (23ms)
[wrangler:info] GET /storage/hotels/logo/ux0xFAGNRW63vRuv14InMeEZxSjYIWsZibwKcLP7.png 200 OK (19ms)
[wrangler:info] GET /user/assets/images/plan.png 200 OK (22ms)
[wrangler:info] GET /storage/hotels/thumbnails/Sv9kRxzHCCBMEwLTMyk7OcZGt8GxG9wqavPFvJpZ.jpg 304 Not Modified (13ms)
[wrangler:info] GET /user/assets/images/map-icon.svg 304 Not Modified (11ms)
[wrangler:info] GET /user/assets/images/e-icon03.png 200 OK (10ms)
[wrangler:info] GET /user/assets/images/e-icon06.png 200 OK (15ms)
[wrangler:info] GET /user/assets/images/e-icon07.png 200 OK (14ms)
[wrangler:info] GET /user/assets/images/e-icon01.png 200 OK (20ms)
[wrangler:info] GET /user/assets/images/e-icon05.png 200 OK (25ms)
[wrangler:info] GET /user/assets/images/hotal02.png 200 OK (19ms)
[wrangler:info] GET /user/assets/images/hotal03.png 200 OK (37ms)
[wrangler:info] GET /user/assets/images/hotal04.png 200 OK (38ms)
[wrangler:info] GET /user/assets/vendor/slick/css/ajax-loader.gif 304 Not Modified (10ms)
[wrangler:info] GET /destination-wedding/udaipur/the-leela-palace-udaipur 307 Temporary Redirect (9ms)
[wrangler:info] GET /destination-wedding/udaipur/the-leela-palace-udaipur/ 304 Not Modified (3ms)
[wrangler:info] GET /user/assets/vendor/bootstrap/css/bootstrap.min.css 304 Not Modified (6ms)
[wrangler:info] GET /vendor/flatpickr/flatpickr.min.css 304 Not Modified (3ms)
[wrangler:info] GET /user/assets/vendor/slick/css/slick.css 304 Not Modified (8ms)
[wrangler:info] GET /user/assets/vendor/slick/css/slick-theme.css 304 Not Modified (11ms)
[wrangler:info] GET /vendor/google-fonts/google-fonts.css 304 Not Modified (16ms)
[wrangler:info] GET /user/assets/vendor/aos/aos.css 304 Not Modified (18ms)
[wrangler:info] GET /vendor/fancybox/fancybox.css 304 Not Modified (14ms)
[wrangler:info] GET /vendor/slick/slick.min.css 304 Not Modified (13ms)
[wrangler:info] GET /user/assets/css/style.css 304 Not Modified (19ms)
[wrangler:info] GET /vendor/fontawesome/css/local-icon-fixes.css 304 Not Modified (10ms)
[wrangler:info] GET /vendor/fontawesome/css/all.min.css 304 Not Modified (20ms)
[wrangler:info] GET /js/mutation-observer-guard.js 304 Not Modified (16ms)
[wrangler:info] GET /user/assets/images/logo.png 304 Not Modified (16ms)
[wrangler:info] GET /user/assets/vendor/jquery.min.js 304 Not Modified (6ms)
[wrangler:info] GET /user/assets/vendor/bootstrap/js/bootstrap.min.js 304 Not Modified (6ms)
[wrangler:info] GET /vendor/flatpickr/flatpickr.min.js 304 Not Modified (6ms)
[wrangler:info] GET /user/assets/vendor/slick/js/slick.min.js 304 Not Modified (11ms)
[wrangler:info] GET /user/assets/vendor/aos/aos.js 304 Not Modified (12ms)
[wrangler:info] GET /user/assets/js/custom.js 304 Not Modified (10ms)
[wrangler:info] GET /vendor/select2/select2.min.css 304 Not Modified (10ms)
[wrangler:info] GET /vendor/select2/select2.min.js 304 Not Modified (14ms)
[wrangler:info] GET /vendor/fancybox/fancybox.umd.js 304 Not Modified (18ms)
[wrangler:info] GET /vendor/slick/slick.min.js 304 Not Modified (12ms)
[wrangler:info] GET /js/lead-forms.js 304 Not Modified (6ms)
[wrangler:info] GET /js/currency-switcher.js 304 Not Modified (17ms)
[wrangler:info] GET /vendor/google-fonts/font-32.ttf 304 Not Modified (12ms)
[wrangler:info] GET /vendor/google-fonts/font-12.ttf 304 Not Modified (9ms)
[wrangler:info] GET /vendor/google-fonts/font-15.ttf 304 Not Modified (14ms)
[wrangler:info] GET /js/site-search.js 304 Not Modified (9ms)
[wrangler:info] GET /user/assets/images/search.svg 304 Not Modified (10ms)
[wrangler:info] GET /storage/hotels/banners/M1MXNmoRSLqm3AWgHOJcWAaKkeTPqAtujN3446sZ.jpg 304 Not Modified (5ms)
[wrangler:info] GET /user/assets/images/close-menu.svg 304 Not Modified (10ms)
[wrangler:info] GET /storage/hotels/logo/ux0xFAGNRW63vRuv14InMeEZxSjYIWsZibwKcLP7.png 304 Not Modified (9ms)
[wrangler:info] GET /user/assets/images/plan.png 304 Not Modified (8ms)
[wrangler:info] GET /user/assets/images/e-icon03.png 304 Not Modified (10ms)
[wrangler:info] GET /user/assets/images/e-icon06.png 304 Not Modified (14ms)
[wrangler:info] GET /user/assets/images/train.png 304 Not Modified (23ms)
[wrangler:info] GET /vendor/fontawesome/webfonts/fa-brands-400.woff2 304 Not Modified (12ms)
[wrangler:info] GET /vendor/google-fonts/font-39.ttf 304 Not Modified (18ms)
[wrangler:info] GET /vendor/google-fonts/font-37.ttf 304 Not Modified (17ms)
[wrangler:info] GET /vendor/google-fonts/font-38.ttf 304 Not Modified (18ms)
[wrangler:info] GET /vendor/google-fonts/font-11.ttf 304 Not Modified (14ms)
[wrangler:info] GET /vendor/google-fonts/font-14.ttf 304 Not Modified (26ms)
[wrangler:info] GET /vendor/google-fonts/font-29.ttf 304 Not Modified (23ms)
[wrangler:info] GET /vendor/google-fonts/font-40.ttf 304 Not Modified (18ms)
[wrangler:info] GET /vendor/google-fonts/font-30.ttf 304 Not Modified (20ms)
[wrangler:info] GET /vendor/google-fonts/font-36.ttf 304 Not Modified (21ms)
[wrangler:info] GET /vendor/google-fonts/font-34.ttf 304 Not Modified (21ms)
[wrangler:info] GET /vendor/google-fonts/font-31.ttf 304 Not Modified (18ms)
[wrangler:info] GET /vendor/fontawesome/webfonts/fa-solid-900.woff2 304 Not Modified (19ms)
[wrangler:info] GET /vendor/google-fonts/font-33.ttf 304 Not Modified (22ms)
[wrangler:info] GET /user/assets/images/e-icon07.png 304 Not Modified (5ms)
[wrangler:info] GET /user/assets/images/e-icon01.png 304 Not Modified (7ms)
[wrangler:info] GET /user/assets/images/e-icon05.png 304 Not Modified (11ms)
[wrangler:info] GET /user/assets/images/hotal02.png 304 Not Modified (16ms)
[wrangler:info] GET /user/assets/images/hotal03.png 304 Not Modified (16ms)
[wrangler:info] GET /user/assets/images/hotal04.png 304 Not Modified (19ms)
[wrangler:info] GET /user/assets/vendor/slick/css/ajax-loader.gif 304 Not Modified (16ms)
[wrangler:info] GET /user/assets/images/arrow.svg 200 OK (4ms)
[wrangler:info] GET /user/assets/images/input02.png 304 Not Modified (5ms)
[wrangler:info] GET /storage/hotels/thumbnails/cs5Nqux1ffIWUKH47fuksMbR620G4pkEwJd09ju7.jpg 200 OK (6ms)
[wrangler:info] GET /storage/hotels/thumbnails/aeuMMdXMJhIOG4UJEabRz6JYH6R9dPZ5uirEqVSj.jpg 200 OK (8ms)
[wrangler:info] GET /storage/hotels/thumbnails/Sv9kRxzHCCBMEwLTMyk7OcZGt8GxG9wqavPFvJpZ.jpg 304 Not Modified (10ms)
[wrangler:info] GET /user/assets/images/map-icon.svg 304 Not Modified (14ms)
[wrangler:info] GET /user/assets/images/f-icon01.svg 304 Not Modified (16ms)
[wrangler:info] GET /user/assets/images/f-icon02.svg 304 Not Modified (19ms)
[wrangler:info] GET /user/assets/images/f-icon03.svg 304 Not Modified (9ms)
[wrangler:info] GET /user/assets/images/f-icon04.svg 304 Not Modified (7ms)
[wrangler:info] GET /user/assets/images/logo-footer.png 304 Not Modified (7ms)
[wrangler:info] GET /destination-wedding/udaipur/the-leela-palace-udaipur 307 Temporary Redirect (7ms)
[wrangler:info] GET /destination-wedding/udaipur/the-leela-palace-udaipur/ 304 Not Modified (5ms)
[wrangler:info] GET /user/assets/vendor/bootstrap/css/bootstrap.min.css 304 Not Modified (14ms)
[wrangler:info] GET /vendor/flatpickr/flatpickr.min.css 304 Not Modified (13ms)
[wrangler:info] GET /user/assets/vendor/slick/css/slick.css 304 Not Modified (14ms)
[wrangler:info] GET /user/assets/vendor/aos/aos.css 304 Not Modified (13ms)
[wrangler:info] GET /vendor/google-fonts/google-fonts.css 304 Not Modified (14ms)
[wrangler:info] GET /user/assets/vendor/slick/css/slick-theme.css 304 Not Modified (30ms)
[wrangler:info] GET /vendor/fancybox/fancybox.css 304 Not Modified (19ms)
[wrangler:info] GET /user/assets/css/style.css 304 Not Modified (24ms)
[wrangler:info] GET /vendor/fontawesome/css/local-icon-fixes.css 304 Not Modified (19ms)
[wrangler:info] GET /js/mutation-observer-guard.js 304 Not Modified (12ms)
[wrangler:info] GET /vendor/fontawesome/css/all.min.css 304 Not Modified (15ms)
[wrangler:info] GET /vendor/slick/slick.min.css 304 Not Modified (30ms)
[wrangler:info] GET /user/assets/images/logo.png 304 Not Modified (17ms)
[wrangler:info] GET /user/assets/vendor/jquery.min.js 304 Not Modified (8ms)
[wrangler:info] GET /user/assets/vendor/bootstrap/js/bootstrap.min.js 304 Not Modified (8ms)
[wrangler:info] GET /vendor/flatpickr/flatpickr.min.js 304 Not Modified (7ms)
[wrangler:info] GET /user/assets/vendor/slick/js/slick.min.js 304 Not Modified (9ms)
[wrangler:info] GET /user/assets/vendor/aos/aos.js 304 Not Modified (16ms)
[wrangler:info] GET /user/assets/js/custom.js 304 Not Modified (17ms)
[wrangler:info] GET /vendor/select2/select2.min.css 304 Not Modified (18ms)
[wrangler:info] GET /vendor/select2/select2.min.js 304 Not Modified (19ms)
[wrangler:info] GET /vendor/fancybox/fancybox.umd.js 304 Not Modified (17ms)
[wrangler:info] GET /vendor/slick/slick.min.js 304 Not Modified (15ms)
[wrangler:info] GET /js/lead-forms.js 304 Not Modified (11ms)
[wrangler:info] GET /js/currency-switcher.js 304 Not Modified (9ms)
[wrangler:info] GET /js/site-search.js 304 Not Modified (8ms)
[wrangler:info] GET /storage/hotels/banners/M1MXNmoRSLqm3AWgHOJcWAaKkeTPqAtujN3446sZ.jpg 304 Not Modified (10ms)
[wrangler:info] GET /user/assets/images/search.svg 304 Not Modified (7ms)
[wrangler:info] GET /user/assets/images/close-menu.svg 304 Not Modified (6ms)
[wrangler:info] GET /storage/hotels/logo/ux0xFAGNRW63vRuv14InMeEZxSjYIWsZibwKcLP7.png 304 Not Modified (10ms)
[wrangler:info] GET /user/assets/images/plan.png 304 Not Modified (19ms)
[wrangler:info] GET /user/assets/images/e-icon03.png 304 Not Modified (22ms)
[wrangler:info] GET /user/assets/images/train.png 304 Not Modified (29ms)
[wrangler:info] GET /vendor/google-fonts/font-15.ttf 304 Not Modified (20ms)
[wrangler:info] GET /vendor/google-fonts/font-32.ttf 304 Not Modified (30ms)
[wrangler:info] GET /vendor/google-fonts/font-14.ttf 304 Not Modified (21ms)
[wrangler:info] GET /vendor/google-fonts/font-12.ttf 304 Not Modified (21ms)
[wrangler:info] GET /vendor/google-fonts/font-40.ttf 304 Not Modified (23ms)
[wrangler:info] GET /vendor/google-fonts/font-31.ttf 304 Not Modified (19ms)
[wrangler:info] GET /vendor/google-fonts/font-11.ttf 304 Not Modified (11ms)
[wrangler:info] GET /vendor/google-fonts/font-30.ttf 304 Not Modified (18ms)
[wrangler:info] GET /vendor/google-fonts/font-34.ttf 304 Not Modified (20ms)
[wrangler:info] GET /vendor/google-fonts/font-36.ttf 304 Not Modified (21ms)
[wrangler:info] GET /vendor/google-fonts/font-38.ttf 304 Not Modified (19ms)
[wrangler:info] GET /vendor/fontawesome/webfonts/fa-solid-900.woff2 304 Not Modified (24ms)
[wrangler:info] GET /vendor/google-fonts/font-39.ttf 304 Not Modified (24ms)
[wrangler:info] GET /vendor/google-fonts/font-33.ttf 304 Not Modified (12ms)
[wrangler:info] GET /vendor/google-fonts/font-37.ttf 304 Not Modified (21ms)
[wrangler:info] GET /vendor/fontawesome/webfonts/fa-brands-400.woff2 304 Not Modified (23ms)
[wrangler:info] GET /vendor/google-fonts/font-29.ttf 304 Not Modified (26ms)
[wrangler:info] GET /user/assets/images/e-icon06.png 304 Not Modified (12ms)
[wrangler:info] GET /user/assets/images/e-icon07.png 304 Not Modified (11ms)
[wrangler:info] GET /user/assets/images/e-icon01.png 304 Not Modified (10ms)
[wrangler:info] GET /user/assets/images/e-icon05.png 304 Not Modified (13ms)
[wrangler:info] GET /user/assets/images/hotal02.png 304 Not Modified (15ms)
[wrangler:info] GET /user/assets/images/hotal03.png 304 Not Modified (18ms)
[wrangler:info] GET /user/assets/images/hotal04.png 304 Not Modified (9ms)
[wrangler:info] GET /user/assets/vendor/slick/css/ajax-loader.gif 304 Not Modified (10ms)
[wrangler:info] GET /destination-wedding/udaipur/the-leela-palace-udaipur 307 Temporary Redirect (6ms)
[wrangler:info] GET /destination-wedding/udaipur/the-leela-palace-udaipur/ 304 Not Modified (5ms)
[wrangler:info] GET /user/assets/vendor/bootstrap/css/bootstrap.min.css 304 Not Modified (12ms)
[wrangler:info] GET /vendor/flatpickr/flatpickr.min.css 304 Not Modified (17ms)
[wrangler:info] GET /user/assets/vendor/slick/css/slick.css 304 Not Modified (23ms)
[wrangler:info] GET /user/assets/vendor/slick/css/slick-theme.css 304 Not Modified (22ms)
[wrangler:info] GET /user/assets/vendor/aos/aos.css 304 Not Modified (24ms)
[wrangler:info] GET /user/assets/css/style.css 304 Not Modified (22ms)
[wrangler:info] GET /vendor/google-fonts/google-fonts.css 304 Not Modified (24ms)
[wrangler:info] GET /vendor/fancybox/fancybox.css 304 Not Modified (15ms)
[wrangler:info] GET /vendor/fontawesome/css/all.min.css 304 Not Modified (15ms)
[wrangler:info] GET /vendor/slick/slick.min.css 304 Not Modified (21ms)
[wrangler:info] GET /vendor/fontawesome/css/local-icon-fixes.css 304 Not Modified (19ms)
[wrangler:info] GET /js/mutation-observer-guard.js 304 Not Modified (20ms)
[wrangler:info] GET /user/assets/images/logo.png 304 Not Modified (21ms)
[wrangler:info] GET /user/assets/vendor/jquery.min.js 304 Not Modified (13ms)
[wrangler:info] GET /user/assets/vendor/bootstrap/js/bootstrap.min.js 304 Not Modified (17ms)
[wrangler:info] GET /vendor/flatpickr/flatpickr.min.js 304 Not Modified (10ms)
[wrangler:info] GET /user/assets/vendor/slick/js/slick.min.js 304 Not Modified (16ms)
[wrangler:info] GET /user/assets/vendor/aos/aos.js 304 Not Modified (22ms)
[wrangler:info] GET /user/assets/js/custom.js 304 Not Modified (29ms)
[wrangler:info] GET /vendor/select2/select2.min.css 304 Not Modified (30ms)
[wrangler:info] GET /vendor/select2/select2.min.js 304 Not Modified (12ms)
[wrangler:info] GET /vendor/fancybox/fancybox.umd.js 304 Not Modified (16ms)
[wrangler:info] GET /vendor/slick/slick.min.js 304 Not Modified (25ms)
[wrangler:info] GET /js/lead-forms.js 304 Not Modified (34ms)
[wrangler:info] GET /js/currency-switcher.js 304 Not Modified (37ms)
[wrangler:info] GET /js/site-search.js 304 Not Modified (55ms)
[wrangler:info] GET /storage/hotels/banners/M1MXNmoRSLqm3AWgHOJcWAaKkeTPqAtujN3446sZ.jpg 304 Not Modified (47ms)
[wrangler:info] GET /vendor/google-fonts/font-14.ttf 304 Not Modified (17ms)
[wrangler:info] GET /vendor/google-fonts/font-32.ttf 304 Not Modified (35ms)
[wrangler:info] GET /vendor/google-fonts/font-15.ttf 304 Not Modified (30ms)
[wrangler:info] GET /vendor/google-fonts/font-12.ttf 304 Not Modified (30ms)
[wrangler:info] GET /vendor/google-fonts/font-40.ttf 304 Not Modified (23ms)
[wrangler:info] GET /vendor/google-fonts/font-31.ttf 304 Not Modified (15ms)
[wrangler:info] GET /vendor/google-fonts/font-11.ttf 304 Not Modified (18ms)
[wrangler:info] GET /vendor/google-fonts/font-30.ttf 304 Not Modified (17ms)
[wrangler:info] GET /vendor/google-fonts/font-34.ttf 304 Not Modified (20ms)
[wrangler:info] GET /vendor/google-fonts/font-36.ttf 304 Not Modified (18ms)
[wrangler:info] GET /vendor/google-fonts/font-38.ttf 304 Not Modified (15ms)
[wrangler:info] GET /vendor/fontawesome/webfonts/fa-solid-900.woff2 304 Not Modified (15ms)
[wrangler:info] GET /vendor/google-fonts/font-39.ttf 304 Not Modified (16ms)
[wrangler:info] GET /vendor/google-fonts/font-37.ttf 304 Not Modified (21ms)
[wrangler:info] GET /vendor/google-fonts/font-33.ttf 304 Not Modified (14ms)
[wrangler:info] GET /vendor/google-fonts/font-29.ttf 304 Not Modified (16ms)
[wrangler:info] GET /vendor/fontawesome/webfonts/fa-brands-400.woff2 304 Not Modified (10ms)
[wrangler:info] GET /storage/hotels/logo/ux0xFAGNRW63vRuv14InMeEZxSjYIWsZibwKcLP7.png 304 Not Modified (13ms)
[wrangler:info] GET /user/assets/images/train.png 304 Not Modified (20ms)
[wrangler:info] GET /user/assets/images/plan.png 304 Not Modified (14ms)
[wrangler:info] GET /user/assets/images/search.svg 304 Not Modified (17ms)
[wrangler:info] GET /user/assets/images/close-menu.svg 304 Not Modified (14ms)
[wrangler:info] GET /user/assets/images/e-icon03.png 304 Not Modified (15ms)
[wrangler:info] GET /user/assets/images/e-icon06.png 304 Not Modified (13ms)
[wrangler:info] GET /user/assets/images/e-icon07.png 304 Not Modified (19ms)
[wrangler:info] GET /user/assets/images/e-icon01.png 304 Not Modified (24ms)
[wrangler:info] GET /user/assets/images/e-icon05.png 304 Not Modified (33ms)
[wrangler:info] GET /user/assets/images/hotal02.png 304 Not Modified (42ms)
[wrangler:info] GET /user/assets/images/hotal04.png 304 Not Modified (19ms)
[wrangler:info] GET /user/assets/images/hotal03.png 304 Not Modified (25ms)
[wrangler:info] GET /user/assets/vendor/slick/css/ajax-loader.gif 304 Not Modified (18ms)
[wrangler:info] GET /user/assets/images/input02.png 304 Not Modified (113ms)
[wrangler:info] GET /storage/hotels/thumbnails/Sv9kRxzHCCBMEwLTMyk7OcZGt8GxG9wqavPFvJpZ.jpg 304 Not Modified (113ms)
[wrangler:info] GET /user/assets/images/arrow.svg 304 Not Modified (114ms)
[wrangler:info] GET /user/assets/images/map-icon.svg 304 Not Modified (111ms)
[wrangler:info] GET /storage/hotels/thumbnails/cs5Nqux1ffIWUKH47fuksMbR620G4pkEwJd09ju7.jpg 304 Not Modified (117ms)
[wrangler:info] GET /storage/hotels/thumbnails/aeuMMdXMJhIOG4UJEabRz6JYH6R9dPZ5uirEqVSj.jpg 304 Not Modified (58ms)
[wrangler:info] GET /user/assets/images/f-icon01.svg 304 Not Modified (9ms)
[wrangler:info] GET /user/assets/images/f-icon02.svg 304 Not Modified (15ms)
[wrangler:info] GET /user/assets/images/f-icon03.svg 304 Not Modified (23ms)
[wrangler:info] GET /user/assets/images/f-icon04.svg 304 Not Modified (7ms)
[wrangler:info] GET /user/assets/images/logo-footer.png 304 Not Modified (7ms)
[wrangler:info] GET /destination-wedding/udaipur/the-leela-palace-udaipur 307 Temporary Redirect (7ms)
[wrangler:info] GET /destination-wedding/udaipur/the-leela-palace-udaipur/ 304 Not Modified (5ms)
[wrangler:info] GET /user/assets/vendor/bootstrap/css/bootstrap.min.css 304 Not Modified (9ms)
[wrangler:info] GET /vendor/flatpickr/flatpickr.min.css 304 Not Modified (17ms)
[wrangler:info] GET /user/assets/vendor/slick/css/slick.css 304 Not Modified (17ms)
[wrangler:info] GET /user/assets/vendor/slick/css/slick-theme.css 304 Not Modified (17ms)
[wrangler:info] GET /user/assets/vendor/aos/aos.css 304 Not Modified (21ms)
[wrangler:info] GET /user/assets/css/style.css 304 Not Modified (25ms)
[wrangler:info] GET /vendor/fancybox/fancybox.css 304 Not Modified (26ms)
[wrangler:info] GET /vendor/google-fonts/google-fonts.css 304 Not Modified (36ms)
[wrangler:info] GET /vendor/slick/slick.min.css 304 Not Modified (22ms)
[wrangler:info] GET /vendor/fontawesome/css/all.min.css 304 Not Modified (25ms)
[wrangler:info] GET /vendor/fontawesome/css/local-icon-fixes.css 304 Not Modified (26ms)
[wrangler:info] GET /js/mutation-observer-guard.js 304 Not Modified (23ms)
[wrangler:info] GET /user/assets/images/logo.png 304 Not Modified (19ms)
[wrangler:info] GET /user/assets/vendor/jquery.min.js 304 Not Modified (12ms)
[wrangler:info] GET /user/assets/vendor/bootstrap/js/bootstrap.min.js 304 Not Modified (8ms)
[wrangler:info] GET /vendor/flatpickr/flatpickr.min.js 304 Not Modified (14ms)
[wrangler:info] GET /user/assets/vendor/slick/js/slick.min.js 304 Not Modified (29ms)
[wrangler:info] GET /user/assets/vendor/aos/aos.js 304 Not Modified (32ms)
[wrangler:info] GET /vendor/select2/select2.min.css 304 Not Modified (33ms)
[wrangler:info] GET /vendor/select2/select2.min.js 304 Not Modified (24ms)
[wrangler:info] GET /user/assets/js/custom.js 304 Not Modified (43ms)
[wrangler:info] GET /vendor/fancybox/fancybox.umd.js 304 Not Modified (16ms)
[wrangler:info] GET /vendor/slick/slick.min.js 304 Not Modified (15ms)
[wrangler:info] GET /js/lead-forms.js 304 Not Modified (20ms)
[wrangler:info] GET /js/currency-switcher.js 304 Not Modified (31ms)
[wrangler:info] GET /js/site-search.js 304 Not Modified (42ms)
[wrangler:info] GET /storage/hotels/banners/M1MXNmoRSLqm3AWgHOJcWAaKkeTPqAtujN3446sZ.jpg 304 Not Modified (44ms)
[wrangler:info] GET /vendor/google-fonts/font-32.ttf 304 Not Modified (30ms)
[wrangler:info] GET /vendor/google-fonts/font-14.ttf 304 Not Modified (24ms)
[wrangler:info] GET /vendor/google-fonts/font-15.ttf 304 Not Modified (30ms)
[wrangler:info] GET /vendor/google-fonts/font-12.ttf 304 Not Modified (22ms)
[wrangler:info] GET /vendor/google-fonts/font-31.ttf 304 Not Modified (14ms)
[wrangler:info] GET /vendor/google-fonts/font-40.ttf 304 Not Modified (13ms)
[wrangler:info] GET /vendor/google-fonts/font-11.ttf 304 Not Modified (13ms)
[wrangler:info] GET /vendor/google-fonts/font-30.ttf 304 Not Modified (15ms)
[wrangler:info] GET /vendor/google-fonts/font-34.ttf 304 Not Modified (18ms)
[wrangler:info] GET /vendor/google-fonts/font-38.ttf 304 Not Modified (6ms)
[wrangler:info] GET /vendor/google-fonts/font-36.ttf 304 Not Modified (12ms)
[wrangler:info] GET /vendor/google-fonts/font-39.ttf 304 Not Modified (14ms)
[wrangler:info] GET /vendor/fontawesome/webfonts/fa-solid-900.woff2 304 Not Modified (13ms)
[wrangler:info] GET /vendor/google-fonts/font-37.ttf 304 Not Modified (13ms)
[wrangler:info] GET /vendor/google-fonts/font-33.ttf 304 Not Modified (16ms)
[wrangler:info] GET /vendor/google-fonts/font-29.ttf 304 Not Modified (11ms)
[wrangler:info] GET /vendor/fontawesome/webfonts/fa-brands-400.woff2 304 Not Modified (14ms)
[wrangler:info] GET /user/assets/images/plan.png 304 Not Modified (12ms)
[wrangler:info] GET /user/assets/images/train.png 304 Not Modified (12ms)
[wrangler:info] GET /user/assets/images/search.svg 304 Not Modified (22ms)
[wrangler:info] GET /user/assets/images/close-menu.svg 304 Not Modified (15ms)
[wrangler:info] GET /storage/hotels/logo/ux0xFAGNRW63vRuv14InMeEZxSjYIWsZibwKcLP7.png 304 Not Modified (22ms)
[wrangler:info] GET /user/assets/images/e-icon06.png 304 Not Modified (11ms)
[wrangler:info] GET /user/assets/images/e-icon03.png 304 Not Modified (11ms)
[wrangler:info] GET /user/assets/images/e-icon07.png 304 Not Modified (16ms)
[wrangler:info] GET /user/assets/images/e-icon01.png 304 Not Modified (24ms)
[wrangler:info] GET /user/assets/images/e-icon05.png 304 Not Modified (28ms)
[wrangler:info] GET /user/assets/images/hotal02.png 304 Not Modified (34ms)
[wrangler:info] GET /user/assets/images/hotal04.png 304 Not Modified (21ms)
[wrangler:info] GET /user/assets/images/hotal03.png 304 Not Modified (29ms)
[wrangler:info] GET /user/assets/vendor/slick/css/ajax-loader.gif 304 Not Modified (28ms)
[wrangler:info] GET /user/assets/images/input02.png 304 Not Modified (9ms)
[wrangler:info] GET /user/assets/images/arrow.svg 304 Not Modified (11ms)
[wrangler:info] GET /storage/hotels/thumbnails/Sv9kRxzHCCBMEwLTMyk7OcZGt8GxG9wqavPFvJpZ.jpg 304 Not Modified (13ms)
[wrangler:info] GET /user/assets/images/map-icon.svg 304 Not Modified (17ms)
[wrangler:info] GET /storage/hotels/thumbnails/cs5Nqux1ffIWUKH47fuksMbR620G4pkEwJd09ju7.jpg 304 Not Modified (29ms)
[wrangler:info] GET /storage/hotels/thumbnails/aeuMMdXMJhIOG4UJEabRz6JYH6R9dPZ5uirEqVSj.jpg 304 Not Modified (35ms)
[wrangler:info] GET /user/assets/images/f-icon01.svg 304 Not Modified (17ms)
[wrangler:info] GET /user/assets/images/f-icon02.svg 304 Not Modified (22ms)
[wrangler:info] GET /user/assets/images/f-icon03.svg 304 Not Modified (15ms)
[wrangler:info] GET /user/assets/images/f-icon04.svg 304 Not Modified (21ms)
[wrangler:info] GET /user/assets/images/logo-footer.png 304 Not Modified (9ms)
[wrangler:info] GET /get-hotel-price/12/August 200 OK (18ms)
[wrangler:info] GET /get-hotel-price/12/August 200 OK (27ms)
[wrangler:info] POST /get_in_touch/store 405 Method Not Allowed (354ms)
[wrangler:info] POST /get_in_touch/store 405 Method Not Allowed (358ms)
